WARNING: A restricted method in java.lang.System has been called
WARNING: java.lang.System::load has been called by net.rubygrapefruit.platform.internal.NativeLibraryLoader in an unnamed module (file:/C:/Users/hatake/.gradle/wrapper/dists/gradle-8.5-bin/5t9huq95ubn472n8rpzujfbqh/gradle-8.5/lib/native-platform-0.22-milestone-25.jar)
WARNING: Use --enable-native-access=ALL-UNNAMED to avoid a warning for callers in this module
WARNING: Restricted methods will be blocked in a future release unless native access is enabled


> Configure project :app
WARNING: The option setting 'android.overridePathCheck=true' is experimental.
The current default is 'false'.

> Task :app:preBuild UP-TO-DATE
> Task :app:preDebugBuild UP-TO-DATE
> Task :app:checkDebugAarMetadata UP-TO-DATE
> Task :app:generateDebugResValues UP-TO-DATE
> Task :app:mapDebugSourceSetPaths UP-TO-DATE
> Task :app:generateDebugResources UP-TO-DATE
> Task :app:mergeDebugResources UP-TO-DATE
> Task :app:packageDebugResources UP-TO-DATE
> Task :app:parseDebugLocalResources UP-TO-DATE
> Task :app:createDebugCompatibleScreenManifests UP-TO-DATE
> Task :app:extractDeepLinksDebug UP-TO-DATE
> Task :app:processDebugMainManifest UP-TO-DATE
> Task :app:processDebugManifest UP-TO-DATE
> Task :app:processDebugManifestForPackage UP-TO-DATE
> Task :app:processDebugResources UP-TO-DATE

> Task :app:kspDebugKotlin
e: [ksp] InjectProcessingStep was unable to process 'StatsRepositoryImpl(error.NonExistentClass,error.NonExistentClass,com.hatake.daigakuos.domain.repository.UserContextRepository)' because 'error.NonExistentClass' could not be resolved.

Dependency trace:
    => element (CLASS): com.hatake.daigakuos.data.repository.StatsRepositoryImpl
    => element (CONSTRUCTOR): StatsRepositoryImpl(error.NonExistentClass,error.NonExistentClass,com.hatake.daigakuos.domain.repository.UserContextRepository)
    => type (EXECUTABLE constructor): (error.NonExistentClass,error.NonExistentClass,com.hatake.daigakuos.domain.repository.UserContextRepository)void
    => type (ERROR parameter type): error.NonExistentClass

If type 'error.NonExistentClass' is a generated type, check above for compilation errors that may have prevented the type from being generated. Otherwise, ensure that type 'error.NonExistentClass' is on your classpath.
e: Error occurred in KSP, check log for detail

> Task :app:kspDebugKotlin FAILED

FAILURE: Build failed with an exception.

* What went wrong:
Execution failed for task ':app:kspDebugKotlin'.
> A failure occurred while executing org.jetbrains.kotlin.compilerRunner.GradleCompilerRunnerWithWorkers$GradleKotlinCompilerWorkAction
   > Compilation error. See log for more details

* Try:
> Run with --stacktrace option to get the stack trace.
> Run with --info or --debug option to get more log output.
> Run with --scan to get full insights.
> Get more help at https://help.gradle.org.

BUILD FAILED in 14s
13 actionable tasks: 1 executed, 12 up-to-date
